   Compiling tank_maze v0.1.0 (/home/karthik-xps/Projects/MazeRs)
error[E0277]: the trait bound `NodeAddr: FromStr` is not satisfied
    --> src/network.rs:42:39
     |
  42 |         let addr: NodeAddr = s.trim().parse().context("Invalid NodeAddr format")?;
     |                                       ^^^^^ the trait `FromStr` is not implemented for `NodeAddr`
     |
     = help: the following other types implement trait `FromStr`:
               AddrInfoOptions
               BlobTicket
               ByteString
               CString
               HashAndFormat
               IpAddr
               Ipv4Addr
               Ipv6Addr
             and 255 others
note: required by a bound in `core::str::<impl str>::parse`
    --> /home/karthik-xps/.rustup/toolchains/stable-x86_64-unknown-linux-gnu/lib/rustlib/src/rust/library/core/src/str/mod.rs:2701:21
     |
2701 |     pub fn parse<F: FromStr>(&self) -> Result<F, F::Err> {
     |                     ^^^^^^^ required by this bound in `core::str::<impl str>::parse`

error[E0308]: mismatched types
   --> src/network.rs:77:59
    |
 77 |                         if let Ok(_) = stream.read_to_end(&mut buffer).await {
    |                                               ----------- ^^^^^^^^^^^ expected `usize`, found `&mut Vec<_>`
    |                                               |
    |                                               arguments to this method are incorrect
    |
    = note:           expected type `usize`
            found mutable reference `&mut Vec<_>`
note: method defined here
   --> /home/karthik-xps/.cargo/registry/src/index.crates.io-1949cf8c6b5b557f/iroh-quinn-0.12.0/src/recv_stream.rs:245:18
    |
245 |     pub async fn read_to_end(&mut self, size_limit: usize) -> Result<Vec<u8>, ReadToEndError> {
    |                  ^^^^^^^^^^^

warning: unused import: `AsyncWriteExt`
 --> src/network.rs:5:31
  |
5 | use tokio::io::{AsyncReadExt, AsyncWriteExt};
  |                               ^^^^^^^^^^^^^
  |
  = note: `#[warn(unused_imports)]` (part of `#[warn(unused)]`) on by default

warning: unused import: `AsyncReadExt`
 --> src/network.rs:5:17
  |
5 | use tokio::io::{AsyncReadExt, AsyncWriteExt};
  |                 ^^^^^^^^^^^^

Some errors have detailed explanations: E0277, E0308.
For more information about an error, try `rustc --explain E0277`.
warning: `tank_maze` (bin "tank_maze") generated 2 warnings
error: could not compile `tank_maze` (bin "tank_maze") due to 2 previous errors; 2 warnings emitted
